INFO:deformetrica.__main__:Setting output directory to: output
Logger has been set to: INFO
OMP_NUM_THREADS found in environment variables. Using value OMP_NUM_THREADS=4
>> No specified state-file. By default, Deformetrica state will by saved in file: output/deformetrica-state.p.
/usr/local/lib/python3.8/site-packages/deformetrica/core/observations/deformable_objects/landmarks/surface_mesh.py:37: UserWarning: This overload of nonzero is deprecated:
	nonzero(Tensor input, *, Tensor out)
Consider using one of the following signatures instead:
	nonzero(Tensor input, *, bool as_tuple) (Triggered internally at  /pytorch/torch/csrc/utils/python_arg_parser.cpp:766.)
  triangles_to_keep = torch.nonzero(torch.norm(normals, 2, 1) != 0)
>> Set of 36 control points defined.
>> Momenta initialized to zero, for 5 subjects.
>> Started estimator: GradientAscent
Compiling libKeOpstorch9431a757fd in /tmp/.cache/pykeops-1.4.1-cpython-38-gpu-1/build-libKeOpstorch9431a757fd:
       formula: Sum_Reduction(Exp(-G*SqDist(X,Y)) * P,0)
       aliases: G = Pm(0,1); X = Vi(1,3); Y = Vj(2,3); P = Vj(3,3); 
       dtype  : float32
... CMake Deprecation Warning at pybind11/CMakeLists.txt:8 (cmake_minimum_required):
  Compatibility with CMake < 3.5 will be removed from a future version of
  CMake.

  Update the VERSION argument <min> value or use a ...<max> suffix to tell
  CMake that the project does not need compatibility with older versions.


CMake Deprecation Warning at pybind11/tools/pybind11Tools.cmake:8 (cmake_minimum_required):
  Compatibility with CMake < 3.5 will be removed from a future version of
  CMake.

  Update the VERSION argument <min> value or use a ...<max> suffix to tell
  CMake that the project does not need compatibility with older versions.
Call Stack (most recent call first):
  pybind11/CMakeLists.txt:33 (include)


CMake Warning (dev) at pybind11/tools/FindPythonLibsNew.cmake:60 (find_package):
  Policy CMP0148 is not set: The FindPythonInterp and FindPythonLibs modules
  are removed.  Run "cmake --help-policy CMP0148" for policy details.  Use
  the cmake_policy command to set the policy and suppress this warning.

Call Stack (most recent call first):
  pybind11/tools/pybind11Tools.cmake:16 (find_package)
  pybind11/CMakeLists.txt:33 (include)
This warning is for project developers.  Use -Wno-dev to suppress it.

lto-wrapper: warning: using serial compilation of 2 LTRANS jobs
lto-wrapper: note: see the ‘-flto’ option documentation for more information
Done.
Compiling libKeOpstorche69daf0e50 in /tmp/.cache/pykeops-1.4.1-cpython-38-gpu-1/build-libKeOpstorche69daf0e50:
       formula: Sum_Reduction((Px|Py) * Exp(-G*SqDist(X,Y)) * (X-Y),0)
       aliases: G = Pm(0,1); X = Vi(1,3); Y = Vj(2,3); Px = Vi(3,3); Py = Vj(4,3); 
       dtype  : float32
... CMake Deprecation Warning at pybind11/CMakeLists.txt:8 (cmake_minimum_required):
  Compatibility with CMake < 3.5 will be removed from a future version of
  CMake.

  Update the VERSION argument <min> value or use a ...<max> suffix to tell
  CMake that the project does not need compatibility with older versions.


CMake Deprecation Warning at pybind11/tools/pybind11Tools.cmake:8 (cmake_minimum_required):
  Compatibility with CMake < 3.5 will be removed from a future version of
  CMake.

  Update the VERSION argument <min> value or use a ...<max> suffix to tell
  CMake that the project does not need compatibility with older versions.
Call Stack (most recent call first):
  pybind11/CMakeLists.txt:33 (include)


CMake Warning (dev) at pybind11/tools/FindPythonLibsNew.cmake:60 (find_package):
  Policy CMP0148 is not set: The FindPythonInterp and FindPythonLibs modules
  are removed.  Run "cmake --help-policy CMP0148" for policy details.  Use
  the cmake_policy command to set the policy and suppress this warning.

Call Stack (most recent call first):
  pybind11/tools/pybind11Tools.cmake:16 (find_package)
  pybind11/CMakeLists.txt:33 (include)
This warning is for project developers.  Use -Wno-dev to suppress it.

lto-wrapper: warning: using serial compilation of 2 LTRANS jobs
lto-wrapper: note: see the ‘-flto’ option documentation for more information
Done.
Compiling libKeOpstorch9ded4d6316 in /tmp/.cache/pykeops-1.4.1-cpython-38-gpu-1/build-libKeOpstorch9ded4d6316:
       formula: Grad_WithSavedForward(Sum_Reduction(Exp(-G*SqDist(X,Y)) * P,0), Var(1,3,0), Var(4,3,0), Var(5,3,0))
       aliases: G = Pm(0,1); X = Vi(1,3); Y = Vj(2,3); P = Vj(3,3); Var(4,3,0); Var(5,3,0); 
       dtype  : float32
... CMake Deprecation Warning at pybind11/CMakeLists.txt:8 (cmake_minimum_required):
  Compatibility with CMake < 3.5 will be removed from a future version of
  CMake.

  Update the VERSION argument <min> value or use a ...<max> suffix to tell
  CMake that the project does not need compatibility with older versions.


CMake Deprecation Warning at pybind11/tools/pybind11Tools.cmake:8 (cmake_minimum_required):
  Compatibility with CMake < 3.5 will be removed from a future version of
  CMake.

  Update the VERSION argument <min> value or use a ...<max> suffix to tell
  CMake that the project does not need compatibility with older versions.
Call Stack (most recent call first):
  pybind11/CMakeLists.txt:33 (include)


CMake Warning (dev) at pybind11/tools/FindPythonLibsNew.cmake:60 (find_package):
  Policy CMP0148 is not set: The FindPythonInterp and FindPythonLibs modules
  are removed.  Run "cmake --help-policy CMP0148" for policy details.  Use
  the cmake_policy command to set the policy and suppress this warning.

Call Stack (most recent call first):
  pybind11/tools/pybind11Tools.cmake:16 (find_package)
  pybind11/CMakeLists.txt:33 (include)
This warning is for project developers.  Use -Wno-dev to suppress it.

lto-wrapper: warning: using serial compilation of 2 LTRANS jobs
lto-wrapper: note: see the ‘-flto’ option documentation for more information
Done.
Compiling libKeOpstorch707a00ce60 in /tmp/.cache/pykeops-1.4.1-cpython-38-gpu-1/build-libKeOpstorch707a00ce60:
       formula: Grad_WithSavedForward(Sum_Reduction(Exp(-G*SqDist(X,Y)) * P,0), Var(2,3,1), Var(4,3,0), Var(5,3,0))
       aliases: G = Pm(0,1); X = Vi(1,3); Y = Vj(2,3); P = Vj(3,3); Var(4,3,0); Var(5,3,0); 
       dtype  : float32
... CMake Deprecation Warning at pybind11/CMakeLists.txt:8 (cmake_minimum_required):
  Compatibility with CMake < 3.5 will be removed from a future version of
  CMake.

  Update the VERSION argument <min> value or use a ...<max> suffix to tell
  CMake that the project does not need compatibility with older versions.


CMake Deprecation Warning at pybind11/tools/pybind11Tools.cmake:8 (cmake_minimum_required):
  Compatibility with CMake < 3.5 will be removed from a future version of
  CMake.

  Update the VERSION argument <min> value or use a ...<max> suffix to tell
  CMake that the project does not need compatibility with older versions.
Call Stack (most recent call first):
  pybind11/CMakeLists.txt:33 (include)


CMake Warning (dev) at pybind11/tools/FindPythonLibsNew.cmake:60 (find_package):
  Policy CMP0148 is not set: The FindPythonInterp and FindPythonLibs modules
  are removed.  Run "cmake --help-policy CMP0148" for policy details.  Use
  the cmake_policy command to set the policy and suppress this warning.

Call Stack (most recent call first):
  pybind11/tools/pybind11Tools.cmake:16 (find_package)
  pybind11/CMakeLists.txt:33 (include)
This warning is for project developers.  Use -Wno-dev to suppress it.

lto-wrapper: warning: using serial compilation of 2 LTRANS jobs
lto-wrapper: note: see the ‘-flto’ option documentation for more information
Done.
Compiling libKeOpstorch00e7def6d7 in /tmp/.cache/pykeops-1.4.1-cpython-38-gpu-1/build-libKeOpstorch00e7def6d7:
       formula: Grad_WithSavedForward(Sum_Reduction(Exp(-G*SqDist(X,Y)) * P,0), Var(3,3,1), Var(4,3,0), Var(5,3,0))
       aliases: G = Pm(0,1); X = Vi(1,3); Y = Vj(2,3); P = Vj(3,3); Var(4,3,0); Var(5,3,0); 
       dtype  : float32
... CMake Deprecation Warning at pybind11/CMakeLists.txt:8 (cmake_minimum_required):
  Compatibility with CMake < 3.5 will be removed from a future version of
  CMake.

  Update the VERSION argument <min> value or use a ...<max> suffix to tell
  CMake that the project does not need compatibility with older versions.


CMake Deprecation Warning at pybind11/tools/pybind11Tools.cmake:8 (cmake_minimum_required):
  Compatibility with CMake < 3.5 will be removed from a future version of
  CMake.

  Update the VERSION argument <min> value or use a ...<max> suffix to tell
  CMake that the project does not need compatibility with older versions.
Call Stack (most recent call first):
  pybind11/CMakeLists.txt:33 (include)


CMake Warning (dev) at pybind11/tools/FindPythonLibsNew.cmake:60 (find_package):
  Policy CMP0148 is not set: The FindPythonInterp and FindPythonLibs modules
  are removed.  Run "cmake --help-policy CMP0148" for policy details.  Use
  the cmake_policy command to set the policy and suppress this warning.

Call Stack (most recent call first):
  pybind11/tools/pybind11Tools.cmake:16 (find_package)
  pybind11/CMakeLists.txt:33 (include)
This warning is for project developers.  Use -Wno-dev to suppress it.

lto-wrapper: warning: using serial compilation of 2 LTRANS jobs
lto-wrapper: note: see the ‘-flto’ option documentation for more information
Done.
Compiling libKeOpstorchbaaa9b30f3 in /tmp/.cache/pykeops-1.4.1-cpython-38-gpu-1/build-libKeOpstorchbaaa9b30f3:
       formula: Grad_WithSavedForward(Sum_Reduction((Px|Py) * Exp(-G*SqDist(X,Y)) * (X-Y),0), Var(1,3,0), Var(5,3,0), Var(6,3,0))
       aliases: G = Pm(0,1); X = Vi(1,3); Y = Vj(2,3); Px = Vi(3,3); Py = Vj(4,3); Var(5,3,0); Var(6,3,0); 
       dtype  : float32
... CMake Deprecation Warning at pybind11/CMakeLists.txt:8 (cmake_minimum_required):
  Compatibility with CMake < 3.5 will be removed from a future version of
  CMake.

  Update the VERSION argument <min> value or use a ...<max> suffix to tell
  CMake that the project does not need compatibility with older versions.


CMake Deprecation Warning at pybind11/tools/pybind11Tools.cmake:8 (cmake_minimum_required):
  Compatibility with CMake < 3.5 will be removed from a future version of
  CMake.

  Update the VERSION argument <min> value or use a ...<max> suffix to tell
  CMake that the project does not need compatibility with older versions.
Call Stack (most recent call first):
  pybind11/CMakeLists.txt:33 (include)


CMake Warning (dev) at pybind11/tools/FindPythonLibsNew.cmake:60 (find_package):
  Policy CMP0148 is not set: The FindPythonInterp and FindPythonLibs modules
  are removed.  Run "cmake --help-policy CMP0148" for policy details.  Use
  the cmake_policy command to set the policy and suppress this warning.

Call Stack (most recent call first):
  pybind11/tools/pybind11Tools.cmake:16 (find_package)
  pybind11/CMakeLists.txt:33 (include)
This warning is for project developers.  Use -Wno-dev to suppress it.

lto-wrapper: warning: using serial compilation of 2 LTRANS jobs
lto-wrapper: note: see the ‘-flto’ option documentation for more information
Done.
Compiling libKeOpstorchdd651b3125 in /tmp/.cache/pykeops-1.4.1-cpython-38-gpu-1/build-libKeOpstorchdd651b3125:
       formula: Grad_WithSavedForward(Sum_Reduction((Px|Py) * Exp(-G*SqDist(X,Y)) * (X-Y),0), Var(2,3,1), Var(5,3,0), Var(6,3,0))
       aliases: G = Pm(0,1); X = Vi(1,3); Y = Vj(2,3); Px = Vi(3,3); Py = Vj(4,3); Var(5,3,0); Var(6,3,0); 
       dtype  : float32
... CMake Deprecation Warning at pybind11/CMakeLists.txt:8 (cmake_minimum_required):
  Compatibility with CMake < 3.5 will be removed from a future version of
  CMake.

  Update the VERSION argument <min> value or use a ...<max> suffix to tell
  CMake that the project does not need compatibility with older versions.


CMake Deprecation Warning at pybind11/tools/pybind11Tools.cmake:8 (cmake_minimum_required):
  Compatibility with CMake < 3.5 will be removed from a future version of
  CMake.

  Update the VERSION argument <min> value or use a ...<max> suffix to tell
  CMake that the project does not need compatibility with older versions.
Call Stack (most recent call first):
  pybind11/CMakeLists.txt:33 (include)


CMake Warning (dev) at pybind11/tools/FindPythonLibsNew.cmake:60 (find_package):
  Policy CMP0148 is not set: The FindPythonInterp and FindPythonLibs modules
  are removed.  Run "cmake --help-policy CMP0148" for policy details.  Use
  the cmake_policy command to set the policy and suppress this warning.

Call Stack (most recent call first):
  pybind11/tools/pybind11Tools.cmake:16 (find_package)
  pybind11/CMakeLists.txt:33 (include)
This warning is for project developers.  Use -Wno-dev to suppress it.

lto-wrapper: warning: using serial compilation of 2 LTRANS jobs
lto-wrapper: note: see the ‘-flto’ option documentation for more information
Done.
Compiling libKeOpstorch672a03a142 in /tmp/.cache/pykeops-1.4.1-cpython-38-gpu-1/build-libKeOpstorch672a03a142:
       formula: Grad_WithSavedForward(Sum_Reduction((Px|Py) * Exp(-G*SqDist(X,Y)) * (X-Y),0), Var(3,3,0), Var(5,3,0), Var(6,3,0))
       aliases: G = Pm(0,1); X = Vi(1,3); Y = Vj(2,3); Px = Vi(3,3); Py = Vj(4,3); Var(5,3,0); Var(6,3,0); 
       dtype  : float32
... CMake Deprecation Warning at pybind11/CMakeLists.txt:8 (cmake_minimum_required):
  Compatibility with CMake < 3.5 will be removed from a future version of
  CMake.

  Update the VERSION argument <min> value or use a ...<max> suffix to tell
  CMake that the project does not need compatibility with older versions.


CMake Deprecation Warning at pybind11/tools/pybind11Tools.cmake:8 (cmake_minimum_required):
  Compatibility with CMake < 3.5 will be removed from a future version of
  CMake.

  Update the VERSION argument <min> value or use a ...<max> suffix to tell
  CMake that the project does not need compatibility with older versions.
Call Stack (most recent call first):
  pybind11/CMakeLists.txt:33 (include)


CMake Warning (dev) at pybind11/tools/FindPythonLibsNew.cmake:60 (find_package):
  Policy CMP0148 is not set: The FindPythonInterp and FindPythonLibs modules
  are removed.  Run "cmake --help-policy CMP0148" for policy details.  Use
  the cmake_policy command to set the policy and suppress this warning.

Call Stack (most recent call first):
  pybind11/tools/pybind11Tools.cmake:16 (find_package)
  pybind11/CMakeLists.txt:33 (include)
This warning is for project developers.  Use -Wno-dev to suppress it.

lto-wrapper: warning: using serial compilation of 2 LTRANS jobs
lto-wrapper: note: see the ‘-flto’ option documentation for more information
Done.
Compiling libKeOpstorch5cc5237b7d in /tmp/.cache/pykeops-1.4.1-cpython-38-gpu-1/build-libKeOpstorch5cc5237b7d:
       formula: Grad_WithSavedForward(Sum_Reduction((Px|Py) * Exp(-G*SqDist(X,Y)) * (X-Y),0), Var(4,3,1), Var(5,3,0), Var(6,3,0))
       aliases: G = Pm(0,1); X = Vi(1,3); Y = Vj(2,3); Px = Vi(3,3); Py = Vj(4,3); Var(5,3,0); Var(6,3,0); 
       dtype  : float32
... CMake Deprecation Warning at pybind11/CMakeLists.txt:8 (cmake_minimum_required):
  Compatibility with CMake < 3.5 will be removed from a future version of
  CMake.

  Update the VERSION argument <min> value or use a ...<max> suffix to tell
  CMake that the project does not need compatibility with older versions.


CMake Deprecation Warning at pybind11/tools/pybind11Tools.cmake:8 (cmake_minimum_required):
  Compatibility with CMake < 3.5 will be removed from a future version of
  CMake.

  Update the VERSION argument <min> value or use a ...<max> suffix to tell
  CMake that the project does not need compatibility with older versions.
Call Stack (most recent call first):
  pybind11/CMakeLists.txt:33 (include)


CMake Warning (dev) at pybind11/tools/FindPythonLibsNew.cmake:60 (find_package):
  Policy CMP0148 is not set: The FindPythonInterp and FindPythonLibs modules
  are removed.  Run "cmake --help-policy CMP0148" for policy details.  Use
  the cmake_policy command to set the policy and suppress this warning.

Call Stack (most recent call first):
  pybind11/tools/pybind11Tools.cmake:16 (find_package)
  pybind11/CMakeLists.txt:33 (include)
This warning is for project developers.  Use -Wno-dev to suppress it.

lto-wrapper: warning: using serial compilation of 2 LTRANS jobs
lto-wrapper: note: see the ‘-flto’ option documentation for more information
Done.
------------------------------------- Iteration: 0 -------------------------------------
>> Log-likelihood = -4.407E+01 	 [ attachment = -4.407E+01 ; regularity = 0.000E+00 ]
>> Step size and gradient norm: 
		4.562E-05   and   2.192E+02 	[ landmark_points ]
		2.723E-05   and   0.000E+00 	[ control_points ]
		2.723E-05   and   3.672E+02 	[ momenta ]
------------------------------------- Iteration: 1 -------------------------------------
>> Log-likelihood = -4.035E+01 	 [ attachment = -4.035E+01 ; regularity = -2.732E-04 ]
>> Step size and gradient norm: 
		6.844E-05   and   1.755E+02 	[ landmark_points ]
		4.085E-05   and   1.042E+00 	[ control_points ]
		4.085E-05   and   3.487E+02 	[ momenta ]
------------------------------------- Iteration: 2 -------------------------------------
>> Log-likelihood = -3.543E+01 	 [ attachment = -3.543E+01 ; regularity = -1.598E-03 ]
>> Step size and gradient norm: 
		1.027E-04   and   1.258E+02 	[ landmark_points ]
		6.128E-05   and   2.330E+00 	[ control_points ]
		6.128E-05   and   3.230E+02 	[ momenta ]
------------------------------------- Iteration: 3 -------------------------------------
>> Log-likelihood = -2.928E+01 	 [ attachment = -2.927E+01 ; regularity = -5.232E-03 ]
>> Step size and gradient norm: 
		1.540E-04   and   7.718E+01 	[ landmark_points ]
		9.191E-05   and   3.746E+00 	[ control_points ]
		9.191E-05   and   2.887E+02 	[ momenta ]
------------------------------------- Iteration: 4 -------------------------------------
>> Log-likelihood = -2.215E+01 	 [ attachment = -2.214E+01 ; regularity = -1.329E-02 ]
>> Step size and gradient norm: 
		2.310E-04   and   3.864E+01 	[ landmark_points ]
		1.379E-04   and   4.999E+00 	[ control_points ]
		1.379E-04   and   2.450E+02 	[ momenta ]
------------------------------------- Iteration: 5 -------------------------------------
>> Log-likelihood = -1.475E+01 	 [ attachment = -1.472E+01 ; regularity = -2.856E-02 ]
>> Step size and gradient norm: 
		3.465E-04   and   1.586E+01 	[ landmark_points ]
		2.068E-04   and   5.626E+00 	[ control_points ]
		2.068E-04   and   1.930E+02 	[ momenta ]
------------------------------------- Iteration: 6 -------------------------------------
>> Log-likelihood = -8.181E+00 	 [ attachment = -8.128E+00 ; regularity = -5.328E-02 ]
>> Step size and gradient norm: 
		5.197E-04   and   6.654E+00 	[ landmark_points ]
		3.102E-04   and   5.206E+00 	[ control_points ]
		3.102E-04   and   1.368E+02 	[ momenta ]
------------------------------------- Iteration: 7 -------------------------------------
>> Log-likelihood = -3.551E+00 	 [ attachment = -3.465E+00 ; regularity = -8.629E-02 ]
>> Step size and gradient norm: 
		7.795E-04   and   5.113E+00 	[ landmark_points ]
		4.653E-04   and   3.753E+00 	[ control_points ]
		4.653E-04   and   8.238E+01 	[ momenta ]
------------------------------------- Iteration: 8 -------------------------------------
>> Log-likelihood = -1.278E+00 	 [ attachment = -1.158E+00 ; regularity = -1.205E-01 ]
>> Step size and gradient norm: 
		1.169E-03   and   1.307E+01 	[ landmark_points ]
		6.980E-04   and   2.027E+00 	[ control_points ]
		6.980E-04   and   3.739E+01 	[ momenta ]
------------------------------------- Iteration: 9 -------------------------------------
>> Log-likelihood = -7.193E-01 	 [ attachment = -5.747E-01 ; regularity = -1.446E-01 ]
>> Step size and gradient norm: 
		1.754E-03   and   9.827E+01 	[ landmark_points ]
		1.047E-03   and   1.446E+00 	[ control_points ]
		1.047E-03   and   2.188E+01 	[ momenta ]
>> Step size and gradient norm: 
		8.770E-04   and   9.827E+01 	[ landmark_points ]
		5.235E-04   and   1.446E+00 	[ control_points ]
		5.235E-04   and   2.188E+01 	[ momenta ]
>> Step size and gradient norm: 
		4.385E-04   and   9.827E+01 	[ landmark_points ]
		2.617E-04   and   1.446E+00 	[ control_points ]
		2.617E-04   and   2.188E+01 	[ momenta ]
------------------------------------- Iteration: 10 -------------------------------------
>> Log-likelihood = -6.691E-01 	 [ attachment = -5.237E-01 ; regularity = -1.454E-01 ]
>> Step size and gradient norm: 
		2.192E-04   and   6.307E+01 	[ landmark_points ]
		2.617E-04   and   1.399E+00 	[ control_points ]
		1.309E-04   and   1.654E+01 	[ momenta ]
------------------------------------- Iteration: 11 -------------------------------------
>> Log-likelihood = -6.407E-01 	 [ attachment = -4.945E-01 ; regularity = -1.462E-01 ]
>> Step size and gradient norm: 
		3.289E-04   and   4.296E+01 	[ landmark_points ]
		3.926E-04   and   1.380E+00 	[ control_points ]
		1.963E-04   and   1.346E+01 	[ momenta ]
------------------------------------- Iteration: 12 -------------------------------------
>> Log-likelihood = -6.297E-01 	 [ attachment = -4.824E-01 ; regularity = -1.472E-01 ]
>> Step size and gradient norm: 
		4.933E-04   and   6.528E+01 	[ landmark_points ]
		5.889E-04   and   1.331E+00 	[ control_points ]
		2.945E-04   and   1.585E+01 	[ momenta ]
------------------------------------- Iteration: 13 -------------------------------------
>> Log-likelihood = -6.100E-01 	 [ attachment = -4.621E-01 ; regularity = -1.479E-01 ]
>> Step size and gradient norm: 
		2.466E-04   and   5.867E+01 	[ landmark_points ]
		5.889E-04   and   1.311E+00 	[ control_points ]
		1.472E-04   and   1.444E+01 	[ momenta ]
------------------------------------- Iteration: 14 -------------------------------------
>> Log-likelihood = -5.927E-01 	 [ attachment = -4.442E-01 ; regularity = -1.485E-01 ]
>> Step size and gradient norm: 
		3.700E-04   and   5.238E+01 	[ landmark_points ]
		8.834E-04   and   1.270E+00 	[ control_points ]
		2.208E-04   and   1.338E+01 	[ momenta ]
------------------------------------- Iteration: 15 -------------------------------------
>> Log-likelihood = -5.701E-01 	 [ attachment = -4.208E-01 ; regularity = -1.493E-01 ]
>> Step size and gradient norm: 
		1.850E-04   and   4.295E+01 	[ landmark_points ]
		4.417E-04   and   1.243E+00 	[ control_points ]
		2.208E-04   and   1.164E+01 	[ momenta ]
------------------------------------- Iteration: 16 -------------------------------------
>> Log-likelihood = -5.512E-01 	 [ attachment = -4.013E-01 ; regularity = -1.499E-01 ]
>> Step size and gradient norm: 
		2.775E-04   and   3.482E+01 	[ landmark_points ]
		6.625E-04   and   1.195E+00 	[ control_points ]
		3.313E-04   and   1.034E+01 	[ momenta ]
------------------------------------- Iteration: 17 -------------------------------------
>> Log-likelihood = -5.420E-01 	 [ attachment = -3.911E-01 ; regularity = -1.508E-01 ]
>> Step size and gradient norm: 
		4.162E-04   and   6.046E+01 	[ landmark_points ]
		9.938E-04   and   1.159E+00 	[ control_points ]
		4.969E-04   and   1.348E+01 	[ momenta ]
------------------------------------- Iteration: 18 -------------------------------------
>> Log-likelihood = -5.291E-01 	 [ attachment = -3.778E-01 ; regularity = -1.512E-01 ]
>> Step size and gradient norm: 
		2.081E-04   and   6.281E+01 	[ landmark_points ]
		9.938E-04   and   1.103E+00 	[ control_points ]
		2.484E-04   and   1.377E+01 	[ momenta ]
------------------------------------- Iteration: 19 -------------------------------------
>> Log-likelihood = -5.179E-01 	 [ attachment = -3.661E-01 ; regularity = -1.517E-01 ]
>> Step size and gradient norm: 
		3.122E-04   and   6.583E+01 	[ landmark_points ]
		1.491E-03   and   1.083E+00 	[ control_points ]
		3.727E-04   and   1.399E+01 	[ momenta ]
------------------------------------- Iteration: 20 -------------------------------------
>> Log-likelihood = -4.931E-01 	 [ attachment = -3.411E-01 ; regularity = -1.520E-01 ]
>> Step size and gradient norm: 
		1.561E-04   and   3.489E+01 	[ landmark_points ]
		1.491E-03   and   1.035E+00 	[ control_points ]
		1.863E-04   and   9.201E+00 	[ momenta ]
------------------------------------- Iteration: 21 -------------------------------------
>> Log-likelihood = -4.797E-01 	 [ attachment = -3.274E-01 ; regularity = -1.523E-01 ]
>> Step size and gradient norm: 
		2.341E-04   and   1.879E+01 	[ landmark_points ]
		2.236E-03   and   1.012E+00 	[ control_points ]
		2.795E-04   and   7.076E+00 	[ momenta ]
------------------------------------- Iteration: 22 -------------------------------------
>> Log-likelihood = -4.680E-01 	 [ attachment = -3.154E-01 ; regularity = -1.526E-01 ]
>> Step size and gradient norm: 
		3.512E-04   and   2.412E+01 	[ landmark_points ]
		3.354E-03   and   9.682E-01 	[ control_points ]
		4.193E-04   and   7.460E+00 	[ momenta ]
Tolerance threshold met. Stopping the optimization process.
>> Estimation took: 01 minutes and 46 seconds
